// Vitest Snapshot v1, https://vitest.dev/guide/snapshot.html

exports[`Mongoose: ReadOnly > should generate json schema 1`] = `
{
  "properties": {
    "created_at": {
      "readOnly": true,
      "type": "number",
    },
    "id": {
      "description": "An ObjectID",
      "examples": [
        "5ce7ad3028890bd71749d477",
      ],
      "minLength": 1,
      "pattern": "^[0-9a-fA-F]{24}$",
      "type": "string",
    },
    "test": {
      "readOnly": true,
      "type": "object",
    },
    "updated_at": {
      "readOnly": true,
      "type": "number",
    },
  },
  "required": [
    "id",
    "created_at",
    "updated_at",
  ],
  "type": "object",
}
`;
