// Vitest Snapshot v1, https://vitest.dev/guide/snapshot.html

exports[`Mongoose > VirtualRef > should return the json-schema of the given model 1`] = `
{
  "definitions": {
    "GalaxiesModel": {
      "properties": {
        "id": {
          "description": "An ObjectID",
          "examples": [
            "5ce7ad3028890bd71749d477",
          ],
          "pattern": "^[0-9a-fA-F]{24}$",
          "type": "string",
        },
        "name": {
          "minLength": 1,
          "type": "string",
        },
        "spaceId": {
          "type": "string",
        },
      },
      "required": [
        "name",
      ],
      "type": "object",
    },
  },
  "properties": {
    "galaxies": {
      "items": {
        "$ref": "#/definitions/GalaxiesModel",
      },
      "type": "array",
    },
    "galaxyCount": {
      "multipleOf": 1,
      "type": "number",
    },
    "id": {
      "description": "An ObjectID",
      "examples": [
        "5ce7ad3028890bd71749d477",
      ],
      "pattern": "^[0-9a-fA-F]{24}$",
      "type": "string",
    },
    "name": {
      "minLength": 1,
      "type": "string",
    },
  },
  "required": [
    "name",
  ],
  "type": "object",
}
`;
