// Vitest Snapshot v1, https://vitest.dev/guide/snapshot.html

exports[`Generics > using Functional api > should transform date from generic object 1`] = `
Adjustment {
  "adjustment": UserProperty {
    "value": "2019-01-01T12:45:57.111Z",
  },
}
`;

exports[`Generics using Functional api should transform date from generic object 1`] = `
Adjustment {
  "adjustment": UserProperty {
    "value": "2019-01-01T12:45:57.111Z",
  },
}
`;
