// Jest Snapshot v1, https://goo.gl/fbAQLP

exports[`Deep Nested form integration should generate form and nested form 1`] = `
Object {
  "access": Array [],
  "components": Array [
    Object {
      "components": Array [
        Object {
          "collapsible": false,
          "components": Array [
            Object {
              "components": Array [
                Object {
                  "collapsible": false,
                  "components": Array [
                    Object {
                      "defaultValue": true,
                      "disabled": false,
                      "input": true,
                      "key": "deliverNotifications",
                      "label": "Remind subscribers",
                      "type": "checkbox",
                      "validate": Object {
                        "required": false,
                      },
                    },
                  ],
                  "disabled": false,
                  "input": false,
                  "key": "panel",
                  "label": "One hour before this maintenance",
                  "tableView": false,
                },
              ],
              "disabled": false,
              "display": "form",
              "input": true,
              "key": "oneHourBefore",
              "tableView": false,
              "type": "form",
              "validate": Object {
                "required": false,
              },
            },
            Object {
              "components": Array [
                Object {
                  "collapsible": false,
                  "components": Array [
                    Object {
                      "defaultValue": true,
                      "disabled": false,
                      "input": true,
                      "key": "updateStatus",
                      "label": "Set status to 'In Progress'",
                      "type": "checkbox",
                      "validate": Object {
                        "required": false,
                      },
                    },
                    Object {
                      "defaultValue": true,
                      "disabled": false,
                      "input": true,
                      "key": "setComponentStatus",
                      "label": "Set affected components' status to 'Under Maintenance'",
                      "type": "checkbox",
                      "validate": Object {
                        "required": false,
                      },
                    },
                    Object {
                      "defaultValue": true,
                      "disabled": false,
                      "input": true,
                      "key": "deliverNotifications",
                      "label": "Notify subscribers",
                      "type": "checkbox",
                      "validate": Object {
                        "required": false,
                      },
                    },
                  ],
                  "disabled": false,
                  "input": false,
                  "key": "panel",
                  "label": "At the start time for this maintenance",
                  "tableView": false,
                },
              ],
              "disabled": false,
              "display": "form",
              "input": true,
              "key": "atStartTime",
              "tableView": false,
              "type": "form",
              "validate": Object {
                "required": false,
              },
            },
            Object {
              "components": Array [
                Object {
                  "collapsible": false,
                  "components": Array [
                    Object {
                      "defaultValue": true,
                      "disabled": false,
                      "input": true,
                      "key": "updateStatus",
                      "label": "Set status to 'Completed'",
                      "type": "checkbox",
                      "validate": Object {
                        "required": false,
                      },
                    },
                    Object {
                      "defaultValue": true,
                      "disabled": false,
                      "input": true,
                      "key": "setComponentStatus",
                      "label": "Set affected components' status to 'Under Maintenance'",
                      "type": "checkbox",
                      "validate": Object {
                        "required": false,
                      },
                    },
                    Object {
                      "defaultValue": true,
                      "disabled": false,
                      "input": true,
                      "key": "deliverNotifications",
                      "label": "Notify subscribers",
                      "type": "checkbox",
                      "validate": Object {
                        "required": false,
                      },
                    },
                  ],
                  "disabled": false,
                  "input": false,
                  "key": "panel",
                  "label": "At the end of time for this maintenance",
                  "tableView": false,
                },
              ],
              "disabled": false,
              "display": "form",
              "input": true,
              "key": "atEndTime",
              "tableView": false,
              "type": "form",
              "validate": Object {
                "required": false,
              },
            },
          ],
          "disabled": false,
          "input": false,
          "key": "panel",
          "label": "Automation options test",
          "tableView": false,
        },
      ],
      "disabled": false,
      "display": "form",
      "input": true,
      "key": "automationOptions",
      "tableView": false,
      "type": "form",
      "validate": Object {
        "required": false,
      },
    },
  ],
  "display": "form",
  "included": Object {
    "components": "/components",
  },
  "machineName": "scheduled-maintenance",
  "name": "scheduled-maintenance",
  "submissionAccess": Array [],
  "tags": Array [],
  "title": "ScheduledMaintenance",
  "type": "form",
}
`;
