// Jest Snapshot v1, https://goo.gl/fbAQLP

exports[`EditGrid integration should generate form with minItems/maxItems 1`] = `
Object {
  "access": Array [],
  "components": Array [
    Object {
      "components": Array [
        Object {
          "disabled": false,
          "input": true,
          "key": "id",
          "label": "Id",
          "type": "textfield",
          "validate": Object {
            "required": false,
          },
        },
      ],
      "disabled": false,
      "input": true,
      "key": "test",
      "label": "Test",
      "rowDrafts": false,
      "type": "editgrid",
      "validate": Object {
        "max": 10,
        "min": 1,
        "required": false,
      },
    },
  ],
  "display": "form",
  "machineName": "model",
  "name": "model",
  "submissionAccess": Array [],
  "tags": Array [],
  "title": "Model",
  "type": "form",
}
`;
