// Vitest Snapshot v1, https://vitest.dev/guide/snapshot.html

exports[`SSE integration > should generate the swagger spec 1`] = `
{
  "components": {
    "schemas": {
      "Model": {
        "properties": {
          "id": {
            "type": "string",
          },
        },
        "type": "object",
      },
    },
  },
  "paths": {
    "/sse/scenario1": {
      "get": {
        "operationId": "myCtrlScenario1",
        "parameters": [],
        "responses": {
          "200": {
            "content": {
              "*/*": {
                "schema": {
                  "type": "object",
                },
              },
            },
            "headers": {
              "Content-Type": {
                "example": "text/event-stream",
                "schema": {
                  "type": "string",
                },
              },
            },
          },
        },
        "tags": [
          "MyCtrl",
        ],
      },
    },
    "/sse/scenario2": {
      "get": {
        "operationId": "myCtrlScenario2",
        "parameters": [],
        "responses": {
          "200": {
            "content": {
              "*/*": {
                "schema": {
                  "type": "object",
                },
              },
            },
            "headers": {
              "Content-Type": {
                "example": "text/event-stream",
                "schema": {
                  "type": "string",
                },
              },
            },
          },
        },
        "tags": [
          "MyCtrl",
        ],
      },
    },
    "/sse/scenario3": {
      "get": {
        "operationId": "myCtrlScenario3",
        "parameters": [],
        "responses": {
          "200": {
            "content": {
              "*/*": {
                "schema": {
                  "type": "object",
                },
              },
            },
            "headers": {
              "Content-Type": {
                "example": "text/event-stream",
                "schema": {
                  "type": "string",
                },
              },
            },
          },
        },
        "tags": [
          "MyCtrl",
        ],
      },
    },
    "/sse/scenario4": {
      "get": {
        "operationId": "myCtrlScenario4",
        "parameters": [],
        "responses": {
          "200": {
            "content": {
              "*/*": {
                "schema": {
                  "type": "object",
                },
              },
            },
            "headers": {
              "Content-Type": {
                "example": "text/event-stream",
                "schema": {
                  "type": "string",
                },
              },
            },
          },
        },
        "tags": [
          "MyCtrl",
        ],
      },
    },
    "/sse/scenario5": {
      "get": {
        "operationId": "myCtrlScenario5",
        "parameters": [],
        "responses": {
          "200": {
            "content": {
              "*/*": {
                "schema": {
                  "type": "object",
                },
              },
              "application/json": {
                "schema": {
                  "$ref": "#/components/schemas/Model",
                },
              },
            },
            "description": "Success",
            "headers": {
              "Content-Type": {
                "example": "text/event-stream",
                "schema": {
                  "type": "string",
                },
              },
            },
          },
        },
        "tags": [
          "MyCtrl",
        ],
      },
    },
  },
  "tags": [
    {
      "name": "MyCtrl",
    },
  ],
}
`;
