// Vitest Snapshot v1, https://vitest.dev/guide/snapshot.html

exports[`Discriminator > with kind property > should generate the spec 1`] = `
{
  "components": {
    "schemas": {
      "FirstImpl": {
        "properties": {
          "kind": {
            "enum": [
              "json",
            ],
            "type": "string",
          },
          "type": {
            "enum": [
              "one",
              "two",
            ],
            "example": "one",
            "type": "string",
          },
        },
        "type": "object",
      },
      "ParentModel": {
        "properties": {
          "test": {
            "discriminator": {
              "propertyName": "type",
            },
            "oneOf": [
              {
                "$ref": "#/components/schemas/FirstImpl",
              },
              {
                "$ref": "#/components/schemas/SecondImpl",
              },
            ],
            "required": [
              "type",
            ],
          },
        },
        "type": "object",
      },
      "SecondImpl": {
        "properties": {
          "prop": {
            "type": "string",
          },
          "type": {
            "enum": [
              "one",
              "two",
            ],
            "example": "two",
            "type": "string",
          },
        },
        "type": "object",
      },
    },
  },
  "paths": {
    "/test": {
      "get": {
        "operationId": "testGet",
        "parameters": [],
        "responses": {
          "200": {
            "content": {
              "application/json": {
                "schema": {
                  "items": {
                    "$ref": "#/components/schemas/ParentModel",
                  },
                  "type": "array",
                },
              },
            },
            "description": "Success",
          },
        },
        "tags": [
          "Test",
        ],
      },
    },
  },
  "tags": [
    {
      "name": "Test",
    },
  ],
}
`;
