// Jest Snapshot v1, https://goo.gl/fbAQLP

exports[`PetStore AsyncAPI should generate the spec 1`] = `
Object {
  "channels": Object {
    "/": Object {
      "publish": Object {
        "message": Object {
          "oneOf": Array [
            Object {
              "$ref": "#/components/messages/pet.get",
            },
            Object {
              "$ref": "#/components/messages/pet.getAll",
            },
            Object {
              "$ref": "#/components/messages/pet.patch",
            },
            Object {
              "$ref": "#/components/messages/pet.update",
            },
            Object {
              "$ref": "#/components/messages/pet.create",
            },
            Object {
              "$ref": "#/components/messages/pet.delete",
            },
          ],
        },
        "operationId": "publishPetStore",
      },
      "subscribe": Object {
        "message": Object {
          "oneOf": Array [
            Object {
              "$ref": "#/components/messages/pet.get",
            },
            Object {
              "$ref": "#/components/messages/pet.getAll",
            },
            Object {
              "$ref": "#/components/messages/pet.updated",
            },
            Object {
              "$ref": "#/components/messages/pet.created",
            },
            Object {
              "$ref": "#/components/messages/pet.updated",
            },
            Object {
              "$ref": "#/components/messages/pet.deleted",
            },
          ],
        },
        "operationId": "subscribePetStore",
      },
    },
  },
  "components": Object {
    "messages": Object {
      "pet.create": Object {
        "description": "Create a pet",
        "payload": Object {
          "$ref": "#/components/schemas/PetCreate",
        },
        "x-response": Object {
          "$ref": "#/components/messages/pet.updated",
        },
      },
      "pet.created": Object {
        "description": "Update a pet",
        "x-response": Object {
          "$ref": "#/components/schemas/PetCreatedSubscribeResponse",
        },
      },
      "pet.delete": Object {
        "description": "Delete a pet",
        "payload": Object {
          "properties": Object {
            "id": Object {
              "type": "string",
            },
          },
          "type": "object",
        },
        "x-response": Object {
          "$ref": "#/components/messages/pet.deleted",
        },
      },
      "pet.deleted": Object {
        "description": "Delete a pet",
        "x-response": Object {
          "$ref": "#/components/schemas/PetDeletedSubscribeResponse",
        },
      },
      "pet.get": Object {
        "payload": Object {
          "properties": Object {
            "id": Object {
              "type": "string",
            },
          },
          "type": "object",
        },
        "x-response": Object {
          "$ref": "#/components/messages/pet.get",
        },
      },
      "pet.getAll": Object {
        "x-response": Object {
          "$ref": "#/components/messages/pet.getAll",
        },
      },
      "pet.patch": Object {
        "description": "Patch a pet",
        "payload": Object {
          "allOf": Array [
            Object {
              "properties": Object {
                "id": Object {
                  "type": "string",
                },
              },
              "type": "object",
            },
            Object {
              "$ref": "#/components/schemas/PetPartial",
            },
          ],
        },
        "x-response": Object {
          "$ref": "#/components/messages/pet.updated",
        },
      },
      "pet.update": Object {
        "description": "Update a pet",
        "payload": Object {
          "$ref": "#/components/schemas/PetUpdate",
        },
        "x-response": Object {
          "$ref": "#/components/messages/pet.created",
        },
      },
      "pet.updated": Object {
        "description": "Create a pet",
        "x-response": Object {
          "$ref": "#/components/schemas/PetUpdatedSubscribeResponse",
        },
      },
    },
    "schemas": Object {
      "Pet": Object {
        "properties": Object {
          "category": Object {
            "$ref": "#/components/schemas/PetCategory",
          },
          "id": Object {
            "minLength": 1,
            "type": "string",
          },
          "name": Object {
            "example": "doggie",
            "minLength": 1,
            "type": "string",
          },
          "status": Object {
            "enum": Array [
              "available",
              "pending",
              "sold",
            ],
            "type": "string",
          },
          "tags": Object {
            "items": Object {
              "type": "string",
            },
            "type": "array",
          },
        },
        "required": Array [
          "id",
          "name",
        ],
        "type": "object",
      },
      "PetCategory": Object {
        "properties": Object {
          "id": Object {
            "minLength": 1,
            "type": "string",
          },
          "name": Object {
            "example": "doggie",
            "minLength": 1,
            "type": "string",
          },
        },
        "required": Array [
          "id",
          "name",
        ],
        "type": "object",
      },
      "PetCreate": Object {
        "properties": Object {
          "category": Object {
            "$ref": "#/components/schemas/PetCategory",
          },
          "name": Object {
            "example": "doggie",
            "minLength": 1,
            "type": "string",
          },
          "status": Object {
            "enum": Array [
              "available",
              "pending",
              "sold",
            ],
            "type": "string",
          },
          "tags": Object {
            "items": Object {
              "type": "string",
            },
            "type": "array",
          },
        },
        "required": Array [
          "name",
        ],
        "type": "object",
      },
      "PetCreatePublishPayload": Object {},
      "PetCreatedSubscribeResponse": Object {
        "properties": Object {
          "data": Object {
            "oneOf": Array [
              Object {
                "schema": Object {
                  "type": "object",
                },
              },
              Object {
                "schema": Object {
                  "$ref": "#/components/schemas/Pet",
                },
              },
            ],
          },
          "status": Object {
            "enum": Array [
              404,
              200,
            ],
            "type": "number",
          },
          "statusText": Object {
            "enum": Array [
              "Not Found",
              "Returns a pet",
            ],
            "type": "string",
          },
        },
        "required": Array [
          "status",
        ],
        "type": "object",
      },
      "PetDeletePublishPayload": Object {},
      "PetDeletedSubscribeResponse": Object {
        "properties": Object {
          "data": Object {
            "schema": Object {
              "type": "object",
            },
          },
          "status": Object {
            "enum": Array [
              404,
              204,
            ],
            "type": "number",
          },
          "statusText": Object {
            "enum": Array [
              "Not Found",
              "No Content",
            ],
            "type": "string",
          },
        },
        "required": Array [
          "status",
        ],
        "type": "object",
      },
      "PetGetAllPublishPayload": Object {},
      "PetGetAllSubscribeResponse": Object {
        "properties": Object {
          "data": Object {
            "schema": Object {
              "items": Object {
                "$ref": "#/components/schemas/Pet",
              },
              "type": "array",
            },
          },
          "status": Object {
            "enum": Array [
              200,
            ],
            "type": "number",
          },
          "statusText": Object {
            "enum": Array [
              "Returns all pets",
            ],
            "type": "string",
          },
        },
        "required": Array [
          "status",
        ],
        "type": "object",
      },
      "PetGetPublishPayload": Object {},
      "PetGetSubscribeResponse": Object {
        "properties": Object {
          "data": Object {
            "oneOf": Array [
              Object {
                "schema": Object {
                  "type": "object",
                },
              },
              Object {
                "schema": Object {
                  "$ref": "#/components/schemas/Pet",
                },
              },
            ],
          },
          "status": Object {
            "enum": Array [
              404,
              200,
            ],
            "type": "number",
          },
          "statusText": Object {
            "enum": Array [
              "Not Found",
              "Returns a pet",
            ],
            "type": "string",
          },
        },
        "required": Array [
          "status",
        ],
        "type": "object",
      },
      "PetPartial": Object {
        "properties": Object {
          "category": Object {
            "$ref": "#/components/schemas/PetCategory",
          },
          "name": Object {
            "example": "doggie",
            "type": "string",
          },
          "status": Object {
            "enum": Array [
              "available",
              "pending",
              "sold",
            ],
            "type": "string",
          },
          "tags": Object {
            "items": Object {
              "type": "string",
            },
            "type": "array",
          },
        },
        "type": "object",
      },
      "PetPatchPublishPayload": Object {},
      "PetUpdate": Object {
        "properties": Object {
          "category": Object {
            "$ref": "#/components/schemas/PetCategory",
          },
          "name": Object {
            "example": "doggie",
            "minLength": 1,
            "type": "string",
          },
          "status": Object {
            "enum": Array [
              "available",
              "pending",
              "sold",
            ],
            "type": "string",
          },
          "tags": Object {
            "items": Object {
              "type": "string",
            },
            "type": "array",
          },
        },
        "required": Array [
          "name",
        ],
        "type": "object",
      },
      "PetUpdatePublishPayload": Object {},
      "PetUpdatedSubscribeResponse": Object {
        "properties": Object {
          "data": Object {
            "oneOf": Array [
              Object {
                "schema": Object {
                  "type": "object",
                },
              },
              Object {
                "schema": Object {
                  "$ref": "#/components/schemas/Pet",
                },
              },
            ],
          },
          "status": Object {
            "enum": Array [
              404,
              201,
            ],
            "type": "number",
          },
          "statusText": Object {
            "enum": Array [
              "Not Found",
              "Created",
            ],
            "type": "string",
          },
        },
        "required": Array [
          "status",
        ],
        "type": "object",
      },
    },
  },
  "tags": Array [],
}
`;

exports[`PetStore OpenSpec should generate the spec 1`] = `
Object {
  "components": Object {
    "schemas": Object {
      "Pet": Object {
        "properties": Object {
          "category": Object {
            "$ref": "#/components/schemas/PetCategory",
          },
          "id": Object {
            "minLength": 1,
            "type": "string",
          },
          "name": Object {
            "example": "doggie",
            "minLength": 1,
            "type": "string",
          },
          "status": Object {
            "enum": Array [
              "available",
              "pending",
              "sold",
            ],
            "type": "string",
          },
          "tags": Object {
            "items": Object {
              "type": "string",
            },
            "type": "array",
          },
        },
        "required": Array [
          "id",
          "name",
        ],
        "type": "object",
      },
      "PetCategory": Object {
        "properties": Object {
          "id": Object {
            "minLength": 1,
            "type": "string",
          },
          "name": Object {
            "example": "doggie",
            "minLength": 1,
            "type": "string",
          },
        },
        "required": Array [
          "id",
          "name",
        ],
        "type": "object",
      },
      "PetCreate": Object {
        "properties": Object {
          "category": Object {
            "$ref": "#/components/schemas/PetCategory",
          },
          "name": Object {
            "example": "doggie",
            "minLength": 1,
            "type": "string",
          },
          "status": Object {
            "enum": Array [
              "available",
              "pending",
              "sold",
            ],
            "type": "string",
          },
          "tags": Object {
            "items": Object {
              "type": "string",
            },
            "type": "array",
          },
        },
        "required": Array [
          "name",
        ],
        "type": "object",
      },
      "PetPartial": Object {
        "properties": Object {
          "category": Object {
            "$ref": "#/components/schemas/PetCategory",
          },
          "name": Object {
            "example": "doggie",
            "type": "string",
          },
          "status": Object {
            "enum": Array [
              "available",
              "pending",
              "sold",
            ],
            "type": "string",
          },
          "tags": Object {
            "items": Object {
              "type": "string",
            },
            "type": "array",
          },
        },
        "type": "object",
      },
      "PetUpdate": Object {
        "properties": Object {
          "category": Object {
            "$ref": "#/components/schemas/PetCategory",
          },
          "name": Object {
            "example": "doggie",
            "minLength": 1,
            "type": "string",
          },
          "status": Object {
            "enum": Array [
              "available",
              "pending",
              "sold",
            ],
            "type": "string",
          },
          "tags": Object {
            "items": Object {
              "type": "string",
            },
            "type": "array",
          },
        },
        "required": Array [
          "name",
        ],
        "type": "object",
      },
    },
  },
  "paths": Object {
    "/": Object {
      "get": Object {
        "operationId": "petStoreGetAll",
        "parameters": Array [],
        "responses": Object {
          "200": Object {
            "content": Object {
              "application/json": Object {
                "schema": Object {
                  "items": Object {
                    "$ref": "#/components/schemas/Pet",
                  },
                  "type": "array",
                },
              },
            },
            "description": "Returns all pets",
          },
        },
        "tags": Array [
          "PetStore",
        ],
      },
      "put": Object {
        "description": "Create a pet",
        "operationId": "petStorePut",
        "parameters": Array [],
        "requestBody": Object {
          "content": Object {
            "application/json": Object {
              "schema": Object {
                "$ref": "#/components/schemas/PetCreate",
              },
            },
          },
          "required": false,
        },
        "responses": Object {
          "201": Object {
            "content": Object {
              "application/json": Object {
                "schema": Object {
                  "$ref": "#/components/schemas/Pet",
                },
              },
            },
            "description": "Created",
          },
          "404": Object {
            "content": Object {
              "*/*": Object {
                "schema": Object {
                  "type": "object",
                },
              },
            },
            "description": "Not Found",
          },
        },
        "tags": Array [
          "PetStore",
        ],
      },
    },
    "/{id}": Object {
      "delete": Object {
        "description": "Delete a pet",
        "operationId": "petStoreDelete",
        "parameters": Array [
          Object {
            "in": "path",
            "name": "id",
            "required": true,
            "schema": Object {
              "type": "string",
            },
          },
        ],
        "responses": Object {
          "204": Object {
            "description": "No Content",
          },
          "404": Object {
            "content": Object {
              "*/*": Object {
                "schema": Object {
                  "type": "object",
                },
              },
            },
            "description": "Not Found",
          },
        },
        "tags": Array [
          "PetStore",
        ],
      },
      "get": Object {
        "operationId": "petStoreGet",
        "parameters": Array [
          Object {
            "in": "path",
            "name": "id",
            "required": true,
            "schema": Object {
              "type": "string",
            },
          },
        ],
        "responses": Object {
          "200": Object {
            "content": Object {
              "application/json": Object {
                "schema": Object {
                  "$ref": "#/components/schemas/Pet",
                },
              },
            },
            "description": "Returns a pet",
          },
          "404": Object {
            "content": Object {
              "*/*": Object {
                "schema": Object {
                  "type": "object",
                },
              },
            },
            "description": "Not Found",
          },
        },
        "tags": Array [
          "PetStore",
        ],
      },
      "patch": Object {
        "description": "Patch a pet",
        "operationId": "petStorePatch",
        "parameters": Array [
          Object {
            "in": "path",
            "name": "id",
            "required": true,
            "schema": Object {
              "type": "string",
            },
          },
        ],
        "requestBody": Object {
          "content": Object {
            "application/json": Object {
              "schema": Object {
                "$ref": "#/components/schemas/PetPartial",
              },
            },
          },
          "required": false,
        },
        "responses": Object {
          "200": Object {
            "content": Object {
              "application/json": Object {
                "schema": Object {
                  "$ref": "#/components/schemas/Pet",
                },
              },
            },
            "description": "Returns a pet",
          },
          "404": Object {
            "content": Object {
              "*/*": Object {
                "schema": Object {
                  "type": "object",
                },
              },
            },
            "description": "Not Found",
          },
        },
        "tags": Array [
          "PetStore",
        ],
      },
      "post": Object {
        "description": "Update a pet",
        "operationId": "petStorePost",
        "parameters": Array [
          Object {
            "in": "path",
            "name": "id",
            "required": true,
            "schema": Object {
              "type": "string",
            },
          },
        ],
        "requestBody": Object {
          "content": Object {
            "application/json": Object {
              "schema": Object {
                "$ref": "#/components/schemas/PetUpdate",
              },
            },
          },
          "required": false,
        },
        "responses": Object {
          "200": Object {
            "content": Object {
              "application/json": Object {
                "schema": Object {
                  "$ref": "#/components/schemas/Pet",
                },
              },
            },
            "description": "Returns a pet",
          },
          "404": Object {
            "content": Object {
              "*/*": Object {
                "schema": Object {
                  "type": "object",
                },
              },
            },
            "description": "Not Found",
          },
        },
        "tags": Array [
          "PetStore",
        ],
      },
    },
  },
  "tags": Array [
    Object {
      "name": "PetStore",
    },
  ],
}
`;
