// Vitest Snapshot v1, https://vitest.dev/guide/snapshot.html

exports[`schema: ReadOnly > should generate json schema 1`] = `
{
  "properties": {
    "test": {
      "readOnly": true,
      "type": "object",
    },
    "updated_at": {
      "readOnly": true,
      "type": "number",
    },
  },
  "required": [
    "updated_at",
  ],
  "type": "object",
}
`;
