// Jest Snapshot v1, https://goo.gl/fbAQLP

exports[`Swagger - nested controllers OpenSpec3 should swagger spec 1`] = `
Object {
  "info": Object {
    "title": "Api documentation",
    "version": "1.0.0",
  },
  "openapi": "3.0.1",
  "paths": Object {
    "/rest/domain/{contextID}": Object {
      "get": Object {
        "operationId": "domainControllerGet",
        "parameters": Array [
          Object {
            "in": "path",
            "name": "contextID",
            "required": true,
            "schema": Object {
              "type": "string",
            },
          },
        ],
        "responses": Object {
          "200": Object {
            "description": "Success",
          },
        },
        "tags": Array [
          "DomainController",
        ],
      },
    },
    "/rest/domain/{contextID}/comments": Object {
      "get": Object {
        "operationId": "commentControllerGet",
        "parameters": Array [
          Object {
            "in": "path",
            "name": "contextID",
            "required": true,
            "schema": Object {
              "type": "string",
            },
          },
        ],
        "responses": Object {
          "200": Object {
            "description": "Success",
          },
        },
        "tags": Array [
          "CommentController",
        ],
      },
    },
    "/rest/domain/{contextID}/comments/flag": Object {
      "get": Object {
        "operationId": "flaggedCommentControllerList",
        "parameters": Array [
          Object {
            "in": "path",
            "name": "contextID",
            "required": true,
            "schema": Object {
              "type": "string",
            },
          },
        ],
        "responses": Object {
          "200": Object {
            "description": "Success",
          },
        },
        "tags": Array [
          "FlaggedCommentController",
        ],
      },
    },
    "/rest/domain/{contextID}/comments/{commentID}/flag": Object {
      "post": Object {
        "operationId": "flaggedCommentControllerCreate",
        "parameters": Array [
          Object {
            "in": "path",
            "name": "contextID",
            "required": true,
            "schema": Object {
              "type": "string",
            },
          },
          Object {
            "in": "path",
            "name": "commentID",
            "required": true,
            "schema": Object {
              "type": "string",
            },
          },
        ],
        "responses": Object {
          "200": Object {
            "description": "Success",
          },
        },
        "tags": Array [
          "FlaggedCommentController",
        ],
      },
    },
  },
  "tags": Array [
    Object {
      "name": "DomainController",
    },
    Object {
      "name": "CommentController",
    },
    Object {
      "name": "FlaggedCommentController",
    },
  ],
}
`;
