// Vitest Snapshot v1, https://vitest.dev/guide/snapshot.html

exports[`generateEnums > should generate filese 1`] = `
"
export enum Role {
  USER = "USER",
  ADMIN = "ADMIN"
}
"
`;

exports[`generateEnums should generate filese 1`] = `
"
export enum Role {
  USER = \\"USER\\",
  ADMIN = \\"ADMIN\\"
}
"
`;
